{
  "currency": "CNY",
  "exchangeRate": 1,
  "id": 1,
  "orderAddress": {
    "country": "CHINA",
    "email": "123456@qq.com",
    "fullAddressLine": {
      "addressLine1": "line1",
      "addressLine2": "line2"
    },
    "fullName": {
      "firstName": "first",
      "lastName": "last"
    },
    "phoneNumber": "13800000000"
  },
  "orderDetails": {
    "list": [
      {
        "id": 1,
        "orderStatus": "CANCELED",
        "price": 1,
        "skuId": 1,
        "version": 1
      },
      {
        "id": 2,
        "orderStatus": "CANCELED",
        "price": 10,
        "skuId": 2,
        "version": 1
      }
    ]
  },
  "orderStatus": "CANCELED",
  "totalActualPay": 88,
  "totalShouldPay": 88,
  "version": 2
}