{
  "code": "SUCCESS",
  "data": {
    "height": {
      "value": 1,
      "unit": "CM"
    },
    "name": {
      "firstName": "firstName",
      "lastName": "lastName"
    }
  }
}