{"code":"SUCCESS","data":{"order":{"orderNo":"orderNo","amount":"1","skuCodes":["1","2","3"],"status":"WAIT"},"ids":["1","2","3"],"uid":1}}