{
  "code": "PARAM_ERROR",
  "msg": "参数错误",
  "success": false
}