{
  "currency": "CNY",
  "exchangeRate": 1,
  "id": 1,
  "orderAddress": {},
  "orderDetails": {
    "list": [
      {
        "id": 1,
        "skuId": 0,
        "version": 1
      }
    ]
  },
  "orderStatus": "WAIT_PAY",
  "totalActualPay": 1,
  "totalShouldPay": 1,
  "version": 1
}