{
  "code": "PARAM_ERROR",
  "msg": "参数错误",
  "data": {
    "orderNo": "订单号不能为空串"
  },
  "success": false
}