{
  "code": "SUCCESS",
  "data": {
    "ids": [
      "1",
      "2",
      "3"
    ],
    "uid": 1,
    "order": {
      "orderNo": "orderNo",
      "amount": "1",
      "skuCodes": [
        "1",
        "2",
        "3"
      ],
      "status": "WAIT"
    }
  }
}