{
  "code": "PARAM_ERROR",
  "msg": "参数错误",
  "data": [
    "size must be between 4 and 10"
  ],
  "success": false
}